// Jest Snapshot v1, https://goo.gl/fbAQLP

exports[`<App /> should render page with data to match snapshot 1`] = `
<DocumentFragment>
  <main
    class="main"
    data-testid="main-page"
  >
    <header>
      <h1>
        Welcome to the Akan's NOW TV test!
      </h1>
    </header>
    <section>
      <ul>
        <li
          class="message"
        >
          <img
            alt="Amanda Baker"
            class="avatar"
            src="bg.png"
          />
          <div
            class="content"
          >
            <div
              class="message-title"
              data-testid="message-title"
            >
              Mauris lacinia sapien quis libero.
              <span
                class="email"
              >
                abakera@craigslist.org
              </span>
            </div>
            <div>
              <a
                class="full-name"
                href="/"
              >
                Amanda Baker
              </a>
              <span
                class="date-time"
              >
                 —  27th Feb 2017 13:47
              </span>
            </div>
          </div>
        </li>
        <li
          class="message"
        >
          <img
            alt="Wanda Gonzalez"
            class="avatar"
            src="http://dummyimage.com/100x100.png/ff4444/ffffff"
          />
          <div
            class="content"
          >
            <div
              class="message-title"
              data-testid="message-title"
            >
              Nulla tempus. Vivamus in felis eu sapien cursus vestibulum.
              <span
                class="email"
              >
                wgonzalezz@va.gov
              </span>
            </div>
            <div>
              <a
                class="full-name"
                href="/"
              >
                Wanda Gonzalez
              </a>
              <span
                class="date-time"
              >
                 —  11th Feb 2017 01:06
              </span>
            </div>
          </div>
        </li>
        <li
          class="message"
        >
          <img
            alt="Albert Rose"
            class="avatar"
            src="http://dummyimage.com/100x100.jpg/5fa2dd/ffffff"
          />
          <div
            class="content"
          >
            <div
              class="message-title"
              data-testid="message-title"
            >
              Quisque erat eros, viverra eget, congue eget, semper rutrum, nulla.
              <span
                class="email"
              >
                arosec@bbb.org
              </span>
            </div>
            <div>
              <a
                class="full-name"
                href="/"
              >
                Albert Rose
              </a>
              <span
                class="date-time"
              >
                 —  9th Feb 2017 04:27
              </span>
            </div>
          </div>
        </li>
        <li
          class="message"
        >
          <img
            alt="Peter Howard"
            class="avatar"
            src="http://dummyimage.com/100x100.jpg/5fa2dd/ffffff"
          />
          <div
            class="content"
          >
            <div
              class="message-title"
              data-testid="message-title"
            >
              Nam congue, risus semper porta volutpat, quam pede lobortis ligula, sit amet eleifend pede libero quis orci.
              <span
                class="email"
              >
                phoward12@chronoengine.com
              </span>
            </div>
            <div>
              <a
                class="full-name"
                href="/"
              >
                Peter Howard
              </a>
              <span
                class="date-time"
              >
                 —  1st Feb 2017 18:52
              </span>
            </div>
          </div>
        </li>
        <li
          class="message"
        >
          <img
            alt="Phillip Harper"
            class="avatar"
            src="http://dummyimage.com/100x100.bmp/5fa2dd/ffffff"
          />
          <div
            class="content"
          >
            <div
              class="message-title"
              data-testid="message-title"
            >
              In hac habitasse platea dictumst.
              <span
                class="email"
              >
                pharperr@who.int
              </span>
            </div>
            <div>
              <a
                class="full-name"
                href="/"
              >
                Phillip Harper
              </a>
              <span
                class="date-time"
              >
                 —  1st Feb 2017 10:41
              </span>
            </div>
          </div>
        </li>
        <li
          class="message"
        >
          <img
            alt="Martin Bradley"
            class="avatar"
            src="http://dummyimage.com/100x100.png/5fa2dd/ffffff"
          />
          <div
            class="content"
          >
            <div
              class="message-title"
              data-testid="message-title"
            >
              Cras in purus eu magna vulputate luctus.
              <span
                class="email"
              >
                mbradley0@google.it
              </span>
            </div>
            <div>
              <a
                class="full-name"
                href="/"
              >
                Martin Bradley
              </a>
              <span
                class="date-time"
              >
                 —  26th Jan 2017 07:53
              </span>
            </div>
          </div>
        </li>
        <li
          class="message"
        >
          <img
            alt="Denise Fowler"
            class="avatar"
            src="bg.png"
          />
          <div
            class="content"
          >
            <div
              class="message-title"
              data-testid="message-title"
            >
              Morbi porttitor lorem id ligula.
              <span
                class="email"
              >
                dfowlerf@stanford.edu
              </span>
            </div>
            <div>
              <a
                class="full-name"
                href="/"
              >
                Denise Fowler
              </a>
              <span
                class="date-time"
              >
                 —  15th Jan 2017 07:26
              </span>
            </div>
          </div>
        </li>
        <li
          class="message"
        >
          <img
            alt="Benjamin Pierce"
            class="avatar"
            src="bg.png"
          />
          <div
            class="content"
          >
            <div
              class="message-title"
              data-testid="message-title"
            >
              Praesent blandit lacinia erat. Vestibulum sed magna at nunc commodo placerat. Praesent blandit.
              <span
                class="email"
              >
                bpierce17@homestead.com
              </span>
            </div>
            <div>
              <a
                class="full-name"
                href="/"
              >
                Benjamin Pierce
              </a>
              <span
                class="date-time"
              >
                 —  12th Jan 2017 17:45
              </span>
            </div>
          </div>
        </li>
        <li
          class="message"
        >
          <img
            alt="Kevin Harvey"
            class="avatar"
            src="http://dummyimage.com/100x100.jpg/dddddd/000000"
          />
          <div
            class="content"
          >
            <div
              class="message-title"
              data-testid="message-title"
            >
              Morbi quis tortor id nulla ultrices aliquet. Maecenas leo odio, condimentum id, luctus nec, molestie sed, justo.
              <span
                class="email"
              >
                kharveyn@google.nl
              </span>
            </div>
            <div>
              <a
                class="full-name"
                href="/"
              >
                Kevin Harvey
              </a>
              <span
                class="date-time"
              >
                 —  3rd Jan 2017 04:08
              </span>
            </div>
          </div>
        </li>
        <li
          class="message"
        >
          <img
            alt="Wanda Gonzalez"
            class="avatar"
            src="http://dummyimage.com/100x100.png/ff4444/ffffff"
          />
          <div
            class="content"
          >
            <div
              class="message-title"
              data-testid="message-title"
            >
              Cras mi pede, malesuada in, imperdiet et, commodo vulputate, justo. In blandit ultrices enim.
              <span
                class="email"
              >
                wgonzalezz@va.gov
              </span>
            </div>
            <div>
              <a
                class="full-name"
                href="/"
              >
                Wanda Gonzalez
              </a>
              <span
                class="date-time"
              >
                 —  23rd Dec 2016 03:27
              </span>
            </div>
          </div>
        </li>
        <li
          class="message"
        >
          <img
            alt="Todd Reyes"
            class="avatar"
            src="http://dummyimage.com/100x100.jpg/dddddd/000000"
          />
          <div
            class="content"
          >
            <div
              class="message-title"
              data-testid="message-title"
            >
              Donec dapibus. Duis at velit eu est congue elementum.
              <span
                class="email"
              >
                treyesg@dmoz.org
              </span>
            </div>
            <div>
              <a
                class="full-name"
                href="/"
              >
                Todd Reyes
              </a>
              <span
                class="date-time"
              >
                 —  18th Dec 2016 00:43
              </span>
            </div>
          </div>
        </li>
        <li
          class="message"
        >
          <img
            alt="Robin Knight"
            class="avatar"
            src="bg.png"
          />
          <div
            class="content"
          >
            <div
              class="message-title"
              data-testid="message-title"
            >
              Curabitur at ipsum ac tellus semper interdum. Mauris ullamcorper purus sit amet nulla.
              <span
                class="email"
              >
                rknighte@kickstarter.com
              </span>
            </div>
            <div>
              <a
                class="full-name"
                href="/"
              >
                Robin Knight
              </a>
              <span
                class="date-time"
              >
                 —  17th Dec 2016 13:52
              </span>
            </div>
          </div>
        </li>
        <li
          class="message"
        >
          <img
            alt="Annie Brown"
            class="avatar"
            src="bg.png"
          />
          <div
            class="content"
          >
            <div
              class="message-title"
              data-testid="message-title"
            >
              Pellentesque eget nunc. Donec quis orci eget orci vehicula condimentum. Curabitur in libero ut massa volutpat convallis.
              <span
                class="email"
              >
                abrowny@flickr.com
              </span>
            </div>
            <div>
              <a
                class="full-name"
                href="/"
              >
                Annie Brown
              </a>
              <span
                class="date-time"
              >
                 —  15th Dec 2016 11:29
              </span>
            </div>
          </div>
        </li>
        <li
          class="message"
        >
          <img
            alt="Aaron Williams"
            class="avatar"
            src="http://dummyimage.com/100x100.jpg/dddddd/000000"
          />
          <div
            class="content"
          >
            <div
              class="message-title"
              data-testid="message-title"
            >
              In sagittis dui vel nisl. Duis ac nibh. Fusce lacus purus, aliquet at, feugiat non, pretium quis, lectus.
              <span
                class="email"
              >
                awilliams8@indiegogo.com
              </span>
            </div>
            <div>
              <a
                class="full-name"
                href="/"
              >
                Aaron Williams
              </a>
              <span
                class="date-time"
              >
                 —  7th Dec 2016 05:02
              </span>
            </div>
          </div>
        </li>
        <li
          class="message"
        >
          <img
            alt="Aaron Williams"
            class="avatar"
            src="http://dummyimage.com/100x100.jpg/dddddd/000000"
          />
          <div
            class="content"
          >
            <div
              class="message-title"
              data-testid="message-title"
            >
              Donec odio justo, sollicitudin ut, suscipit a, feugiat et, eros. Vestibulum ac est lacinia nisi venenatis tristique.
              <span
                class="email"
              >
                awilliams8@indiegogo.com
              </span>
            </div>
            <div>
              <a
                class="full-name"
                href="/"
              >
                Aaron Williams
              </a>
              <span
                class="date-time"
              >
                 —  6th Dec 2016 07:24
              </span>
            </div>
          </div>
        </li>
        <li
          class="message"
        >
          <img
            alt="Betty Hill"
            class="avatar"
            src="bg.png"
          />
          <div
            class="content"
          >
            <div
              class="message-title"
              data-testid="message-title"
            >
              Duis aliquam convallis nunc. Proin at turpis a pede posuere nonummy.
              <span
                class="email"
              >
                bhill11@java.com
              </span>
            </div>
            <div>
              <a
                class="full-name"
                href="/"
              >
                Betty Hill
              </a>
              <span
                class="date-time"
              >
                 —  6th Dec 2016 05:07
              </span>
            </div>
          </div>
        </li>
        <li
          class="message"
        >
          <img
            alt="Annie Brown"
            class="avatar"
            src="bg.png"
          />
          <div
            class="content"
          >
            <div
              class="message-title"
              data-testid="message-title"
            >
              In congue. Etiam justo.
              <span
                class="email"
              >
                abrowny@flickr.com
              </span>
            </div>
            <div>
              <a
                class="full-name"
                href="/"
              >
                Annie Brown
              </a>
              <span
                class="date-time"
              >
                 —  24th Nov 2016 21:53
              </span>
            </div>
          </div>
        </li>
        <li
          class="message"
        >
          <img
            alt="Doris Murphy"
            class="avatar"
            src="http://dummyimage.com/100x100.png/cc0000/ffffff"
          />
          <div
            class="content"
          >
            <div
              class="message-title"
              data-testid="message-title"
            >
              Proin eu mi. Nulla ac enim.
              <span
                class="email"
              >
                dmurphyq@oracle.com
              </span>
            </div>
            <div>
              <a
                class="full-name"
                href="/"
              >
                Doris Murphy
              </a>
              <span
                class="date-time"
              >
                 —  24th Nov 2016 15:49
              </span>
            </div>
          </div>
        </li>
        <li
          class="message"
        >
          <img
            alt="Todd Reyes"
            class="avatar"
            src="http://dummyimage.com/100x100.jpg/dddddd/000000"
          />
          <div
            class="content"
          >
            <div
              class="message-title"
              data-testid="message-title"
            >
              In hac habitasse platea dictumst. Etiam faucibus cursus urna. Ut tellus.
              <span
                class="email"
              >
                treyesg@dmoz.org
              </span>
            </div>
            <div>
              <a
                class="full-name"
                href="/"
              >
                Todd Reyes
              </a>
              <span
                class="date-time"
              >
                 —  23rd Nov 2016 11:45
              </span>
            </div>
          </div>
        </li>
        <li
          class="message"
        >
          <img
            alt="Annie Brown"
            class="avatar"
            src="bg.png"
          />
          <div
            class="content"
          >
            <div
              class="message-title"
              data-testid="message-title"
            >
              Pellentesque at nulla.
              <span
                class="email"
              >
                abrowny@flickr.com
              </span>
            </div>
            <div>
              <a
                class="full-name"
                href="/"
              >
                Annie Brown
              </a>
              <span
                class="date-time"
              >
                 —  16th Nov 2016 12:53
              </span>
            </div>
          </div>
        </li>
        <li
          class="message"
        >
          <img
            alt="Henry Harrison"
            class="avatar"
            src="http://dummyimage.com/100x100.bmp/cc0000/ffffff"
          />
          <div
            class="content"
          >
            <div
              class="message-title"
              data-testid="message-title"
            >
              Maecenas rhoncus aliquam lacus.
              <span
                class="email"
              >
                hharrisonj@github.io
              </span>
            </div>
            <div>
              <a
                class="full-name"
                href="/"
              >
                Henry Harrison
              </a>
              <span
                class="date-time"
              >
                 —  14th Nov 2016 21:41
              </span>
            </div>
          </div>
        </li>
        <li
          class="message"
        >
          <img
            alt="Steven Henry"
            class="avatar"
            src="http://dummyimage.com/100x100.png/cc0000/ffffff"
          />
          <div
            class="content"
          >
            <div
              class="message-title"
              data-testid="message-title"
            >
              In eleifend quam a odio. In hac habitasse platea dictumst.
              <span
                class="email"
              >
                shenry19@desdev.cn
              </span>
            </div>
            <div>
              <a
                class="full-name"
                href="/"
              >
                Steven Henry
              </a>
              <span
                class="date-time"
              >
                 —  14th Nov 2016 16:51
              </span>
            </div>
          </div>
        </li>
        <li
          class="message"
        >
          <img
            alt="Joan Payne"
            class="avatar"
            src="http://dummyimage.com/100x100.jpg/5fa2dd/ffffff"
          />
          <div
            class="content"
          >
            <div
              class="message-title"
              data-testid="message-title"
            >
              Aenean lectus.
              <span
                class="email"
              >
                jpayne3@youtube.com
              </span>
            </div>
            <div>
              <a
                class="full-name"
                href="/"
              >
                Joan Payne
              </a>
              <span
                class="date-time"
              >
                 —  12th Nov 2016 02:55
              </span>
            </div>
          </div>
        </li>
        <li
          class="message"
        >
          <img
            alt="Larry Owens"
            class="avatar"
            src="http://dummyimage.com/100x100.bmp/5fa2dd/ffffff"
          />
          <div
            class="content"
          >
            <div
              class="message-title"
              data-testid="message-title"
            >
              Integer a nibh. In quis justo. Maecenas rhoncus aliquam lacus.
              <span
                class="email"
              >
                lowensm@earthlink.net
              </span>
            </div>
            <div>
              <a
                class="full-name"
                href="/"
              >
                Larry Owens
              </a>
              <span
                class="date-time"
              >
                 —  9th Nov 2016 05:04
              </span>
            </div>
          </div>
        </li>
        <li
          class="message"
        >
          <img
            alt="Anna Freeman"
            class="avatar"
            src="bg.png"
          />
          <div
            class="content"
          >
            <div
              class="message-title"
              data-testid="message-title"
            >
              Morbi quis tortor id nulla ultrices aliquet. Maecenas leo odio, condimentum id, luctus nec, molestie sed, justo. Pellentesque viverra pede ac diam.
              <span
                class="email"
              >
                afreeman14@state.gov
              </span>
            </div>
            <div>
              <a
                class="full-name"
                href="/"
              >
                Anna Freeman
              </a>
              <span
                class="date-time"
              >
                 —  4th Nov 2016 02:59
              </span>
            </div>
          </div>
        </li>
        <li
          class="message"
        >
          <img
            alt="Henry Harrison"
            class="avatar"
            src="http://dummyimage.com/100x100.bmp/cc0000/ffffff"
          />
          <div
            class="content"
          >
            <div
              class="message-title"
              data-testid="message-title"
            >
              Vivamus in felis eu sapien cursus vestibulum. Proin eu mi. Nulla ac enim.
              <span
                class="email"
              >
                hharrisonj@github.io
              </span>
            </div>
            <div>
              <a
                class="full-name"
                href="/"
              >
                Henry Harrison
              </a>
              <span
                class="date-time"
              >
                 —  2nd Nov 2016 00:09
              </span>
            </div>
          </div>
        </li>
        <li
          class="message"
        >
          <img
            alt="Kevin Harvey"
            class="avatar"
            src="http://dummyimage.com/100x100.jpg/dddddd/000000"
          />
          <div
            class="content"
          >
            <div
              class="message-title"
              data-testid="message-title"
            >
              Integer non velit.
              <span
                class="email"
              >
                kharveyn@google.nl
              </span>
            </div>
            <div>
              <a
                class="full-name"
                href="/"
              >
                Kevin Harvey
              </a>
              <span
                class="date-time"
              >
                 —  1st Nov 2016 06:32
              </span>
            </div>
          </div>
        </li>
        <li
          class="message"
        >
          <img
            alt="Robin Knight"
            class="avatar"
            src="bg.png"
          />
          <div
            class="content"
          >
            <div
              class="message-title"
              data-testid="message-title"
            >
              Nam nulla. Integer pede justo, lacinia eget, tincidunt eget, tempus vel, pede. Morbi porttitor lorem id ligula.
              <span
                class="email"
              >
                rknighte@kickstarter.com
              </span>
            </div>
            <div>
              <a
                class="full-name"
                href="/"
              >
                Robin Knight
              </a>
              <span
                class="date-time"
              >
                 —  30th Oct 2016 02:59
              </span>
            </div>
          </div>
        </li>
        <li
          class="message"
        >
          <img
            alt="Phillip Harper"
            class="avatar"
            src="http://dummyimage.com/100x100.bmp/5fa2dd/ffffff"
          />
          <div
            class="content"
          >
            <div
              class="message-title"
              data-testid="message-title"
            >
              Nunc purus.
              <span
                class="email"
              >
                pharperr@who.int
              </span>
            </div>
            <div>
              <a
                class="full-name"
                href="/"
              >
                Phillip Harper
              </a>
              <span
                class="date-time"
              >
                 —  28th Oct 2016 04:26
              </span>
            </div>
          </div>
        </li>
        <li
          class="message"
        >
          <img
            alt="Larry Owens"
            class="avatar"
            src="http://dummyimage.com/100x100.bmp/5fa2dd/ffffff"
          />
          <div
            class="content"
          >
            <div
              class="message-title"
              data-testid="message-title"
            >
              Aliquam non mauris.
              <span
                class="email"
              >
                lowensm@earthlink.net
              </span>
            </div>
            <div>
              <a
                class="full-name"
                href="/"
              >
                Larry Owens
              </a>
              <span
                class="date-time"
              >
                 —  28th Oct 2016 04:13
              </span>
            </div>
          </div>
        </li>
        <li
          class="message"
        >
          <img
            alt="Sara Henry"
            class="avatar"
            src="http://dummyimage.com/100x100.bmp/ff4444/ffffff"
          />
          <div
            class="content"
          >
            <div
              class="message-title"
              data-testid="message-title"
            >
              Cras in purus eu magna vulputate luctus. Cum sociis natoque penatibus et magnis dis parturient montes, nascetur ridiculus mus.
              <span
                class="email"
              >
                shenryd@va.gov
              </span>
            </div>
            <div>
              <a
                class="full-name"
                href="/"
              >
                Sara Henry
              </a>
              <span
                class="date-time"
              >
                 —  23rd Oct 2016 22:55
              </span>
            </div>
          </div>
        </li>
        <li
          class="message"
        >
          <img
            alt="Robin Knight"
            class="avatar"
            src="bg.png"
          />
          <div
            class="content"
          >
            <div
              class="message-title"
              data-testid="message-title"
            >
              Nulla mollis molestie lorem. Quisque ut erat. Curabitur gravida nisi at nibh.
              <span
                class="email"
              >
                rknighte@kickstarter.com
              </span>
            </div>
            <div>
              <a
                class="full-name"
                href="/"
              >
                Robin Knight
              </a>
              <span
                class="date-time"
              >
                 —  23rd Oct 2016 00:05
              </span>
            </div>
          </div>
        </li>
        <li
          class="message"
        >
          <img
            alt="Todd Reyes"
            class="avatar"
            src="http://dummyimage.com/100x100.jpg/dddddd/000000"
          />
          <div
            class="content"
          >
            <div
              class="message-title"
              data-testid="message-title"
            >
              Pellentesque at nulla. Suspendisse potenti. Cras in purus eu magna vulputate luctus.
              <span
                class="email"
              >
                treyesg@dmoz.org
              </span>
            </div>
            <div>
              <a
                class="full-name"
                href="/"
              >
                Todd Reyes
              </a>
              <span
                class="date-time"
              >
                 —  19th Oct 2016 02:00
              </span>
            </div>
          </div>
        </li>
        <li
          class="message"
        >
          <img
            alt="Philip Howell"
            class="avatar"
            src="http://dummyimage.com/100x100.png/ff4444/ffffff"
          />
          <div
            class="content"
          >
            <div
              class="message-title"
              data-testid="message-title"
            >
              Quisque erat eros, viverra eget, congue eget, semper rutrum, nulla.
              <span
                class="email"
              >
                phowell15@nymag.com
              </span>
            </div>
            <div>
              <a
                class="full-name"
                href="/"
              >
                Philip Howell
              </a>
              <span
                class="date-time"
              >
                 —  16th Oct 2016 19:18
              </span>
            </div>
          </div>
        </li>
        <li
          class="message"
        >
          <img
            alt="Phillip Harper"
            class="avatar"
            src="http://dummyimage.com/100x100.bmp/5fa2dd/ffffff"
          />
          <div
            class="content"
          >
            <div
              class="message-title"
              data-testid="message-title"
            >
              Phasellus in felis. Donec semper sapien a libero. Nam dui.
              <span
                class="email"
              >
                pharperr@who.int
              </span>
            </div>
            <div>
              <a
                class="full-name"
                href="/"
              >
                Phillip Harper
              </a>
              <span
                class="date-time"
              >
                 —  11th Oct 2016 10:52
              </span>
            </div>
          </div>
        </li>
        <li
          class="message"
        >
          <img
            alt="Helen Hawkins"
            class="avatar"
            src="http://dummyimage.com/100x100.jpg/dddddd/000000"
          />
          <div
            class="content"
          >
            <div
              class="message-title"
              data-testid="message-title"
            >
              Integer a nibh. In quis justo. Maecenas rhoncus aliquam lacus.
              <span
                class="email"
              >
                hhawkins1@posterous.com
              </span>
            </div>
            <div>
              <a
                class="full-name"
                href="/"
              >
                Helen Hawkins
              </a>
              <span
                class="date-time"
              >
                 —  4th Oct 2016 06:22
              </span>
            </div>
          </div>
        </li>
        <li
          class="message"
        >
          <img
            alt="Marilyn Andrews"
            class="avatar"
            src="http://dummyimage.com/100x100.png/ff4444/ffffff"
          />
          <div
            class="content"
          >
            <div
              class="message-title"
              data-testid="message-title"
            >
              Morbi sem mauris, laoreet ut, rhoncus aliquet, pulvinar sed, nisl. Nunc rhoncus dui vel sem.
              <span
                class="email"
              >
                mandrews4@google.it
              </span>
            </div>
            <div>
              <a
                class="full-name"
                href="/"
              >
                Marilyn Andrews
              </a>
              <span
                class="date-time"
              >
                 —  3rd Oct 2016 21:15
              </span>
            </div>
          </div>
        </li>
        <li
          class="message"
        >
          <img
            alt="Annie Brown"
            class="avatar"
            src="bg.png"
          />
          <div
            class="content"
          >
            <div
              class="message-title"
              data-testid="message-title"
            >
              Suspendisse ornare consequat lectus. In est risus, auctor sed, tristique in, tempus sit amet, sem. Fusce consequat.
              <span
                class="email"
              >
                abrowny@flickr.com
              </span>
            </div>
            <div>
              <a
                class="full-name"
                href="/"
              >
                Annie Brown
              </a>
              <span
                class="date-time"
              >
                 —  30th Sep 2016 13:23
              </span>
            </div>
          </div>
        </li>
        <li
          class="message"
        >
          <img
            alt="Todd Reyes"
            class="avatar"
            src="http://dummyimage.com/100x100.jpg/dddddd/000000"
          />
          <div
            class="content"
          >
            <div
              class="message-title"
              data-testid="message-title"
            >
              Quisque arcu libero, rutrum ac, lobortis vel, dapibus at, diam.
              <span
                class="email"
              >
                treyesg@dmoz.org
              </span>
            </div>
            <div>
              <a
                class="full-name"
                href="/"
              >
                Todd Reyes
              </a>
              <span
                class="date-time"
              >
                 —  27th Sep 2016 17:08
              </span>
            </div>
          </div>
        </li>
        <li
          class="message"
        >
          <img
            alt="Annie Brown"
            class="avatar"
            src="bg.png"
          />
          <div
            class="content"
          >
            <div
              class="message-title"
              data-testid="message-title"
            >
              Fusce posuere felis sed lacus. Morbi sem mauris, laoreet ut, rhoncus aliquet, pulvinar sed, nisl.
              <span
                class="email"
              >
                abrowny@flickr.com
              </span>
            </div>
            <div>
              <a
                class="full-name"
                href="/"
              >
                Annie Brown
              </a>
              <span
                class="date-time"
              >
                 —  22nd Sep 2016 18:47
              </span>
            </div>
          </div>
        </li>
        <li
          class="message"
        >
          <img
            alt="Anna Freeman"
            class="avatar"
            src="bg.png"
          />
          <div
            class="content"
          >
            <div
              class="message-title"
              data-testid="message-title"
            >
              Nulla neque libero, convallis eget, eleifend luctus, ultricies eu, nibh.
              <span
                class="email"
              >
                afreeman14@state.gov
              </span>
            </div>
            <div>
              <a
                class="full-name"
                href="/"
              >
                Anna Freeman
              </a>
              <span
                class="date-time"
              >
                 —  18th Sep 2016 23:22
              </span>
            </div>
          </div>
        </li>
        <li
          class="message"
        >
          <img
            alt="Benjamin Pierce"
            class="avatar"
            src="bg.png"
          />
          <div
            class="content"
          >
            <div
              class="message-title"
              data-testid="message-title"
            >
              Donec ut mauris eget massa tempor convallis. Nulla neque libero, convallis eget, eleifend luctus, ultricies eu, nibh. Quisque id justo sit amet sapien dignissim vestibulum.
              <span
                class="email"
              >
                bpierce17@homestead.com
              </span>
            </div>
            <div>
              <a
                class="full-name"
                href="/"
              >
                Benjamin Pierce
              </a>
              <span
                class="date-time"
              >
                 —  16th Sep 2016 13:54
              </span>
            </div>
          </div>
        </li>
        <li
          class="message"
        >
          <img
            alt="Benjamin Pierce"
            class="avatar"
            src="bg.png"
          />
          <div
            class="content"
          >
            <div
              class="message-title"
              data-testid="message-title"
            >
              Nunc rhoncus dui vel sem. Sed sagittis. Nam congue, risus semper porta volutpat, quam pede lobortis ligula, sit amet eleifend pede libero quis orci.
              <span
                class="email"
              >
                bpierce17@homestead.com
              </span>
            </div>
            <div>
              <a
                class="full-name"
                href="/"
              >
                Benjamin Pierce
              </a>
              <span
                class="date-time"
              >
                 —  16th Sep 2016 08:50
              </span>
            </div>
          </div>
        </li>
        <li
          class="message"
        >
          <img
            alt="Sara Henry"
            class="avatar"
            src="http://dummyimage.com/100x100.bmp/ff4444/ffffff"
          />
          <div
            class="content"
          >
            <div
              class="message-title"
              data-testid="message-title"
            >
              In hac habitasse platea dictumst. Morbi vestibulum, velit id pretium iaculis, diam erat fermentum justo, nec condimentum neque sapien placerat ante.
              <span
                class="email"
              >
                shenryd@va.gov
              </span>
            </div>
            <div>
              <a
                class="full-name"
                href="/"
              >
                Sara Henry
              </a>
              <span
                class="date-time"
              >
                 —  15th Sep 2016 10:28
              </span>
            </div>
          </div>
        </li>
        <li
          class="message"
        >
          <img
            alt="Henry Harrison"
            class="avatar"
            src="http://dummyimage.com/100x100.bmp/cc0000/ffffff"
          />
          <div
            class="content"
          >
            <div
              class="message-title"
              data-testid="message-title"
            >
              Vestibulum rutrum rutrum neque.
              <span
                class="email"
              >
                hharrisonj@github.io
              </span>
            </div>
            <div>
              <a
                class="full-name"
                href="/"
              >
                Henry Harrison
              </a>
              <span
                class="date-time"
              >
                 —  13th Sep 2016 16:19
              </span>
            </div>
          </div>
        </li>
        <li
          class="message"
        >
          <img
            alt="Phillip Harper"
            class="avatar"
            src="http://dummyimage.com/100x100.bmp/5fa2dd/ffffff"
          />
          <div
            class="content"
          >
            <div
              class="message-title"
              data-testid="message-title"
            >
              Morbi sem mauris, laoreet ut, rhoncus aliquet, pulvinar sed, nisl. Nunc rhoncus dui vel sem.
              <span
                class="email"
              >
                pharperr@who.int
              </span>
            </div>
            <div>
              <a
                class="full-name"
                href="/"
              >
                Phillip Harper
              </a>
              <span
                class="date-time"
              >
                 —  11th Sep 2016 22:18
              </span>
            </div>
          </div>
        </li>
        <li
          class="message"
        >
          <img
            alt="Betty Hill"
            class="avatar"
            src="bg.png"
          />
          <div
            class="content"
          >
            <div
              class="message-title"
              data-testid="message-title"
            >
              Nunc rhoncus dui vel sem.
              <span
                class="email"
              >
                bhill11@java.com
              </span>
            </div>
            <div>
              <a
                class="full-name"
                href="/"
              >
                Betty Hill
              </a>
              <span
                class="date-time"
              >
                 —  9th Sep 2016 06:04
              </span>
            </div>
          </div>
        </li>
        <li
          class="message"
        >
          <img
            alt="James Rogers"
            class="avatar"
            src="http://dummyimage.com/100x100.jpg/cc0000/ffffff"
          />
          <div
            class="content"
          >
            <div
              class="message-title"
              data-testid="message-title"
            >
              Cras non velit nec nisi vulputate nonummy.
              <span
                class="email"
              >
                jrogers5@chron.com
              </span>
            </div>
            <div>
              <a
                class="full-name"
                href="/"
              >
                James Rogers
              </a>
              <span
                class="date-time"
              >
                 —  8th Sep 2016 08:48
              </span>
            </div>
          </div>
        </li>
        <li
          class="message"
        >
          <img
            alt="Sara Shaw"
            class="avatar"
            src="http://dummyimage.com/100x100.bmp/5fa2dd/ffffff"
          />
          <div
            class="content"
          >
            <div
              class="message-title"
              data-testid="message-title"
            >
              In tempor, turpis nec euismod scelerisque, quam turpis adipiscing lorem, vitae mattis nibh ligula nec sem. Duis aliquam convallis nunc.
              <span
                class="email"
              >
                sshaw1c@naver.com
              </span>
            </div>
            <div>
              <a
                class="full-name"
                href="/"
              >
                Sara Shaw
              </a>
              <span
                class="date-time"
              >
                 —  6th Sep 2016 15:55
              </span>
            </div>
          </div>
        </li>
        <li
          class="message"
        >
          <img
            alt="Denise Fowler"
            class="avatar"
            src="bg.png"
          />
          <div
            class="content"
          >
            <div
              class="message-title"
              data-testid="message-title"
            >
              Suspendisse accumsan tortor quis turpis. Sed ante. Vivamus tortor.
              <span
                class="email"
              >
                dfowlerf@stanford.edu
              </span>
            </div>
            <div>
              <a
                class="full-name"
                href="/"
              >
                Denise Fowler
              </a>
              <span
                class="date-time"
              >
                 —  6th Sep 2016 02:09
              </span>
            </div>
          </div>
        </li>
        <li
          class="message"
        >
          <img
            alt="Carl Green"
            class="avatar"
            src="http://dummyimage.com/100x100.bmp/cc0000/ffffff"
          />
          <div
            class="content"
          >
            <div
              class="message-title"
              data-testid="message-title"
            >
              Proin at turpis a pede posuere nonummy. Integer non velit.
              <span
                class="email"
              >
                cgreenx@ftc.gov
              </span>
            </div>
            <div>
              <a
                class="full-name"
                href="/"
              >
                Carl Green
              </a>
              <span
                class="date-time"
              >
                 —  5th Sep 2016 18:23
              </span>
            </div>
          </div>
        </li>
        <li
          class="message"
        >
          <img
            alt="Aaron Williams"
            class="avatar"
            src="http://dummyimage.com/100x100.jpg/dddddd/000000"
          />
          <div
            class="content"
          >
            <div
              class="message-title"
              data-testid="message-title"
            >
              Quisque porta volutpat erat. Quisque erat eros, viverra eget, congue eget, semper rutrum, nulla.
              <span
                class="email"
              >
                awilliams8@indiegogo.com
              </span>
            </div>
            <div>
              <a
                class="full-name"
                href="/"
              >
                Aaron Williams
              </a>
              <span
                class="date-time"
              >
                 —  5th Sep 2016 05:34
              </span>
            </div>
          </div>
        </li>
        <li
          class="message"
        >
          <img
            alt="Doris Murphy"
            class="avatar"
            src="http://dummyimage.com/100x100.png/cc0000/ffffff"
          />
          <div
            class="content"
          >
            <div
              class="message-title"
              data-testid="message-title"
            >
              Donec ut dolor. Morbi vel lectus in quam fringilla rhoncus.
              <span
                class="email"
              >
                dmurphyq@oracle.com
              </span>
            </div>
            <div>
              <a
                class="full-name"
                href="/"
              >
                Doris Murphy
              </a>
              <span
                class="date-time"
              >
                 —  2nd Sep 2016 07:14
              </span>
            </div>
          </div>
        </li>
        <li
          class="message"
        >
          <img
            alt="Albert Rose"
            class="avatar"
            src="http://dummyimage.com/100x100.jpg/5fa2dd/ffffff"
          />
          <div
            class="content"
          >
            <div
              class="message-title"
              data-testid="message-title"
            >
              Nullam varius. Nulla facilisi.
              <span
                class="email"
              >
                arosec@bbb.org
              </span>
            </div>
            <div>
              <a
                class="full-name"
                href="/"
              >
                Albert Rose
              </a>
              <span
                class="date-time"
              >
                 —  30th Aug 2016 12:09
              </span>
            </div>
          </div>
        </li>
        <li
          class="message"
        >
          <img
            alt="Sara Shaw"
            class="avatar"
            src="http://dummyimage.com/100x100.bmp/5fa2dd/ffffff"
          />
          <div
            class="content"
          >
            <div
              class="message-title"
              data-testid="message-title"
            >
              Nullam orci pede, venenatis non, sodales sed, tincidunt eu, felis. Fusce posuere felis sed lacus. Morbi sem mauris, laoreet ut, rhoncus aliquet, pulvinar sed, nisl.
              <span
                class="email"
              >
                sshaw1c@naver.com
              </span>
            </div>
            <div>
              <a
                class="full-name"
                href="/"
              >
                Sara Shaw
              </a>
              <span
                class="date-time"
              >
                 —  28th Aug 2016 10:33
              </span>
            </div>
          </div>
        </li>
        <li
          class="message"
        >
          <img
            alt="Ralph Nguyen"
            class="avatar"
            src="http://dummyimage.com/100x100.png/dddddd/000000"
          />
          <div
            class="content"
          >
            <div
              class="message-title"
              data-testid="message-title"
            >
              Morbi non lectus. Aliquam sit amet diam in magna bibendum imperdiet.
              <span
                class="email"
              >
                rnguyen6@odnoklassniki.ru
              </span>
            </div>
            <div>
              <a
                class="full-name"
                href="/"
              >
                Ralph Nguyen
              </a>
              <span
                class="date-time"
              >
                 —  21st Aug 2016 03:55
              </span>
            </div>
          </div>
        </li>
        <li
          class="message"
        >
          <img
            alt="Melissa Murray"
            class="avatar"
            src="http://dummyimage.com/100x100.png/dddddd/000000"
          />
          <div
            class="content"
          >
            <div
              class="message-title"
              data-testid="message-title"
            >
              Curabitur in libero ut massa volutpat convallis. Morbi odio odio, elementum eu, interdum eu, tincidunt in, leo.
              <span
                class="email"
              >
                mmurrayk@wikimedia.org
              </span>
            </div>
            <div>
              <a
                class="full-name"
                href="/"
              >
                Melissa Murray
              </a>
              <span
                class="date-time"
              >
                 —  19th Aug 2016 09:43
              </span>
            </div>
          </div>
        </li>
        <li
          class="message"
        >
          <img
            alt="Kevin Harvey"
            class="avatar"
            src="http://dummyimage.com/100x100.jpg/dddddd/000000"
          />
          <div
            class="content"
          >
            <div
              class="message-title"
              data-testid="message-title"
            >
              Nulla tellus.
              <span
                class="email"
              >
                kharveyn@google.nl
              </span>
            </div>
            <div>
              <a
                class="full-name"
                href="/"
              >
                Kevin Harvey
              </a>
              <span
                class="date-time"
              >
                 —  19th Aug 2016 08:05
              </span>
            </div>
          </div>
        </li>
        <li
          class="message"
        >
          <img
            alt="Anna Freeman"
            class="avatar"
            src="bg.png"
          />
          <div
            class="content"
          >
            <div
              class="message-title"
              data-testid="message-title"
            >
              Vestibulum ante ipsum primis in faucibus orci luctus et ultrices posuere cubilia Curae; Mauris viverra diam vitae quam. Suspendisse potenti.
              <span
                class="email"
              >
                afreeman14@state.gov
              </span>
            </div>
            <div>
              <a
                class="full-name"
                href="/"
              >
                Anna Freeman
              </a>
              <span
                class="date-time"
              >
                 —  19th Aug 2016 03:51
              </span>
            </div>
          </div>
        </li>
        <li
          class="message"
        >
          <img
            alt="Doris Murphy"
            class="avatar"
            src="http://dummyimage.com/100x100.png/cc0000/ffffff"
          />
          <div
            class="content"
          >
            <div
              class="message-title"
              data-testid="message-title"
            >
              In blandit ultrices enim.
              <span
                class="email"
              >
                dmurphyq@oracle.com
              </span>
            </div>
            <div>
              <a
                class="full-name"
                href="/"
              >
                Doris Murphy
              </a>
              <span
                class="date-time"
              >
                 —  18th Aug 2016 15:46
              </span>
            </div>
          </div>
        </li>
        <li
          class="message"
        >
          <img
            alt="Melissa Murray"
            class="avatar"
            src="http://dummyimage.com/100x100.png/dddddd/000000"
          />
          <div
            class="content"
          >
            <div
              class="message-title"
              data-testid="message-title"
            >
              Maecenas tristique, est et tempus semper, est quam pharetra magna, ac consequat metus sapien ut nunc.
              <span
                class="email"
              >
                mmurrayk@wikimedia.org
              </span>
            </div>
            <div>
              <a
                class="full-name"
                href="/"
              >
                Melissa Murray
              </a>
              <span
                class="date-time"
              >
                 —  13th Aug 2016 22:44
              </span>
            </div>
          </div>
        </li>
        <li
          class="message"
        >
          <img
            alt="James Rogers"
            class="avatar"
            src="http://dummyimage.com/100x100.jpg/cc0000/ffffff"
          />
          <div
            class="content"
          >
            <div
              class="message-title"
              data-testid="message-title"
            >
              Vestibulum ante ipsum primis in faucibus orci luctus et ultrices posuere cubilia Curae; Mauris viverra diam vitae quam. Suspendisse potenti.
              <span
                class="email"
              >
                jrogers5@chron.com
              </span>
            </div>
            <div>
              <a
                class="full-name"
                href="/"
              >
                James Rogers
              </a>
              <span
                class="date-time"
              >
                 —  11th Aug 2016 14:32
              </span>
            </div>
          </div>
        </li>
        <li
          class="message"
        >
          <img
            alt="Todd Reyes"
            class="avatar"
            src="http://dummyimage.com/100x100.jpg/dddddd/000000"
          />
          <div
            class="content"
          >
            <div
              class="message-title"
              data-testid="message-title"
            >
              Lorem ipsum dolor sit amet, consectetuer adipiscing elit. Proin interdum mauris non ligula pellentesque ultrices.
              <span
                class="email"
              >
                treyesg@dmoz.org
              </span>
            </div>
            <div>
              <a
                class="full-name"
                href="/"
              >
                Todd Reyes
              </a>
              <span
                class="date-time"
              >
                 —  10th Aug 2016 15:18
              </span>
            </div>
          </div>
        </li>
        <li
          class="message"
        >
          <img
            alt="Sara Shaw"
            class="avatar"
            src="http://dummyimage.com/100x100.bmp/5fa2dd/ffffff"
          />
          <div
            class="content"
          >
            <div
              class="message-title"
              data-testid="message-title"
            >
              In eleifend quam a odio.
              <span
                class="email"
              >
                sshaw1c@naver.com
              </span>
            </div>
            <div>
              <a
                class="full-name"
                href="/"
              >
                Sara Shaw
              </a>
              <span
                class="date-time"
              >
                 —  7th Aug 2016 09:12
              </span>
            </div>
          </div>
        </li>
        <li
          class="message"
        >
          <img
            alt="Albert Rose"
            class="avatar"
            src="http://dummyimage.com/100x100.jpg/5fa2dd/ffffff"
          />
          <div
            class="content"
          >
            <div
              class="message-title"
              data-testid="message-title"
            >
              Donec dapibus. Duis at velit eu est congue elementum.
              <span
                class="email"
              >
                arosec@bbb.org
              </span>
            </div>
            <div>
              <a
                class="full-name"
                href="/"
              >
                Albert Rose
              </a>
              <span
                class="date-time"
              >
                 —  1st Aug 2016 08:02
              </span>
            </div>
          </div>
        </li>
        <li
          class="message"
        >
          <img
            alt="Jeremy Gomez"
            class="avatar"
            src="http://dummyimage.com/100x100.jpg/dddddd/000000"
          />
          <div
            class="content"
          >
            <div
              class="message-title"
              data-testid="message-title"
            >
              Phasellus in felis. Donec semper sapien a libero.
              <span
                class="email"
              >
                jgomezh@cdc.gov
              </span>
            </div>
            <div>
              <a
                class="full-name"
                href="/"
              >
                Jeremy Gomez
              </a>
              <span
                class="date-time"
              >
                 —  12th Jul 2016 14:55
              </span>
            </div>
          </div>
        </li>
        <li
          class="message"
        >
          <img
            alt="Benjamin Pierce"
            class="avatar"
            src="bg.png"
          />
          <div
            class="content"
          >
            <div
              class="message-title"
              data-testid="message-title"
            >
              In hac habitasse platea dictumst. Morbi vestibulum, velit id pretium iaculis, diam erat fermentum justo, nec condimentum neque sapien placerat ante. Nulla justo.
              <span
                class="email"
              >
                bpierce17@homestead.com
              </span>
            </div>
            <div>
              <a
                class="full-name"
                href="/"
              >
                Benjamin Pierce
              </a>
              <span
                class="date-time"
              >
                 —  26th Jun 2016 22:21
              </span>
            </div>
          </div>
        </li>
        <li
          class="message"
        >
          <img
            alt="Kevin Harvey"
            class="avatar"
            src="http://dummyimage.com/100x100.jpg/dddddd/000000"
          />
          <div
            class="content"
          >
            <div
              class="message-title"
              data-testid="message-title"
            >
              Nam nulla.
              <span
                class="email"
              >
                kharveyn@google.nl
              </span>
            </div>
            <div>
              <a
                class="full-name"
                href="/"
              >
                Kevin Harvey
              </a>
              <span
                class="date-time"
              >
                 —  23rd Jun 2016 03:01
              </span>
            </div>
          </div>
        </li>
        <li
          class="message"
        >
          <img
            alt="Anna Freeman"
            class="avatar"
            src="bg.png"
          />
          <div
            class="content"
          >
            <div
              class="message-title"
              data-testid="message-title"
            >
              Nulla tempus. Vivamus in felis eu sapien cursus vestibulum. Proin eu mi.
              <span
                class="email"
              >
                afreeman14@state.gov
              </span>
            </div>
            <div>
              <a
                class="full-name"
                href="/"
              >
                Anna Freeman
              </a>
              <span
                class="date-time"
              >
                 —  7th Jun 2016 16:04
              </span>
            </div>
          </div>
        </li>
        <li
          class="message"
        >
          <img
            alt="Amanda Baker"
            class="avatar"
            src="bg.png"
          />
          <div
            class="content"
          >
            <div
              class="message-title"
              data-testid="message-title"
            >
              Aliquam non mauris. Morbi non lectus.
              <span
                class="email"
              >
                abakera@craigslist.org
              </span>
            </div>
            <div>
              <a
                class="full-name"
                href="/"
              >
                Amanda Baker
              </a>
              <span
                class="date-time"
              >
                 —  5th Jun 2016 23:13
              </span>
            </div>
          </div>
        </li>
        <li
          class="message"
        >
          <img
            alt="Peter Henry"
            class="avatar"
            src="http://dummyimage.com/100x100.bmp/ff4444/ffffff"
          />
          <div
            class="content"
          >
            <div
              class="message-title"
              data-testid="message-title"
            >
              Nulla neque libero, convallis eget, eleifend luctus, ultricies eu, nibh. Quisque id justo sit amet sapien dignissim vestibulum.
              <span
                class="email"
              >
                phenryt@pen.io
              </span>
            </div>
            <div>
              <a
                class="full-name"
                href="/"
              >
                Peter Henry
              </a>
              <span
                class="date-time"
              >
                 —  3rd Jun 2016 22:16
              </span>
            </div>
          </div>
        </li>
        <li
          class="message"
        >
          <img
            alt="Peter Howard"
            class="avatar"
            src="http://dummyimage.com/100x100.jpg/5fa2dd/ffffff"
          />
          <div
            class="content"
          >
            <div
              class="message-title"
              data-testid="message-title"
            >
              Suspendisse potenti.
              <span
                class="email"
              >
                phoward12@chronoengine.com
              </span>
            </div>
            <div>
              <a
                class="full-name"
                href="/"
              >
                Peter Howard
              </a>
              <span
                class="date-time"
              >
                 —  3rd Jun 2016 21:24
              </span>
            </div>
          </div>
        </li>
        <li
          class="message"
        >
          <img
            alt="Todd Reyes"
            class="avatar"
            src="http://dummyimage.com/100x100.jpg/dddddd/000000"
          />
          <div
            class="content"
          >
            <div
              class="message-title"
              data-testid="message-title"
            >
              Morbi odio odio, elementum eu, interdum eu, tincidunt in, leo.
              <span
                class="email"
              >
                treyesg@dmoz.org
              </span>
            </div>
            <div>
              <a
                class="full-name"
                href="/"
              >
                Todd Reyes
              </a>
              <span
                class="date-time"
              >
                 —  2nd Jun 2016 06:19
              </span>
            </div>
          </div>
        </li>
        <li
          class="message"
        >
          <img
            alt="Kevin Harvey"
            class="avatar"
            src="http://dummyimage.com/100x100.jpg/dddddd/000000"
          />
          <div
            class="content"
          >
            <div
              class="message-title"
              data-testid="message-title"
            >
              Suspendisse potenti. Cras in purus eu magna vulputate luctus.
              <span
                class="email"
              >
                kharveyn@google.nl
              </span>
            </div>
            <div>
              <a
                class="full-name"
                href="/"
              >
                Kevin Harvey
              </a>
              <span
                class="date-time"
              >
                 —  27th May 2016 12:36
              </span>
            </div>
          </div>
        </li>
        <li
          class="message"
        >
          <img
            alt="Phillip Harper"
            class="avatar"
            src="http://dummyimage.com/100x100.bmp/5fa2dd/ffffff"
          />
          <div
            class="content"
          >
            <div
              class="message-title"
              data-testid="message-title"
            >
              Pellentesque ultrices mattis odio. Donec vitae nisi.
              <span
                class="email"
              >
                pharperr@who.int
              </span>
            </div>
            <div>
              <a
                class="full-name"
                href="/"
              >
                Phillip Harper
              </a>
              <span
                class="date-time"
              >
                 —  24th May 2016 13:27
              </span>
            </div>
          </div>
        </li>
        <li
          class="message"
        >
          <img
            alt="Doris Murphy"
            class="avatar"
            src="http://dummyimage.com/100x100.png/cc0000/ffffff"
          />
          <div
            class="content"
          >
            <div
              class="message-title"
              data-testid="message-title"
            >
              Maecenas ut massa quis augue luctus tincidunt. Nulla mollis molestie lorem. Quisque ut erat.
              <span
                class="email"
              >
                dmurphyq@oracle.com
              </span>
            </div>
            <div>
              <a
                class="full-name"
                href="/"
              >
                Doris Murphy
              </a>
              <span
                class="date-time"
              >
                 —  24th May 2016 03:09
              </span>
            </div>
          </div>
        </li>
        <li
          class="message"
        >
          <img
            alt="Sara Shaw"
            class="avatar"
            src="http://dummyimage.com/100x100.bmp/5fa2dd/ffffff"
          />
          <div
            class="content"
          >
            <div
              class="message-title"
              data-testid="message-title"
            >
              Nulla ut erat id mauris vulputate elementum. Nullam varius.
              <span
                class="email"
              >
                sshaw1c@naver.com
              </span>
            </div>
            <div>
              <a
                class="full-name"
                href="/"
              >
                Sara Shaw
              </a>
              <span
                class="date-time"
              >
                 —  16th May 2016 04:32
              </span>
            </div>
          </div>
        </li>
        <li
          class="message"
        >
          <img
            alt="Sara Henry"
            class="avatar"
            src="http://dummyimage.com/100x100.bmp/ff4444/ffffff"
          />
          <div
            class="content"
          >
            <div
              class="message-title"
              data-testid="message-title"
            >
              Nullam orci pede, venenatis non, sodales sed, tincidunt eu, felis. Fusce posuere felis sed lacus. Morbi sem mauris, laoreet ut, rhoncus aliquet, pulvinar sed, nisl.
              <span
                class="email"
              >
                shenryd@va.gov
              </span>
            </div>
            <div>
              <a
                class="full-name"
                href="/"
              >
                Sara Henry
              </a>
              <span
                class="date-time"
              >
                 —  9th May 2016 08:36
              </span>
            </div>
          </div>
        </li>
        <li
          class="message"
        >
          <img
            alt="Melissa Murray"
            class="avatar"
            src="http://dummyimage.com/100x100.png/dddddd/000000"
          />
          <div
            class="content"
          >
            <div
              class="message-title"
              data-testid="message-title"
            >
              Cum sociis natoque penatibus et magnis dis parturient montes, nascetur ridiculus mus.
              <span
                class="email"
              >
                mmurrayk@wikimedia.org
              </span>
            </div>
            <div>
              <a
                class="full-name"
                href="/"
              >
                Melissa Murray
              </a>
              <span
                class="date-time"
              >
                 —  4th May 2016 14:55
              </span>
            </div>
          </div>
        </li>
        <li
          class="message"
        >
          <img
            alt="Benjamin Pierce"
            class="avatar"
            src="bg.png"
          />
          <div
            class="content"
          >
            <div
              class="message-title"
              data-testid="message-title"
            >
              Quisque erat eros, viverra eget, congue eget, semper rutrum, nulla. Nunc purus.
              <span
                class="email"
              >
                bpierce17@homestead.com
              </span>
            </div>
            <div>
              <a
                class="full-name"
                href="/"
              >
                Benjamin Pierce
              </a>
              <span
                class="date-time"
              >
                 —  20th Apr 2016 15:33
              </span>
            </div>
          </div>
        </li>
        <li
          class="message"
        >
          <img
            alt="Jeremy Gomez"
            class="avatar"
            src="http://dummyimage.com/100x100.jpg/dddddd/000000"
          />
          <div
            class="content"
          >
            <div
              class="message-title"
              data-testid="message-title"
            >
              Aenean auctor gravida sem. Praesent id massa id nisl venenatis lacinia.
              <span
                class="email"
              >
                jgomezh@cdc.gov
              </span>
            </div>
            <div>
              <a
                class="full-name"
                href="/"
              >
                Jeremy Gomez
              </a>
              <span
                class="date-time"
              >
                 —  14th Apr 2016 17:53
              </span>
            </div>
          </div>
        </li>
        <li
          class="message"
        >
          <img
            alt="Marilyn Andrews"
            class="avatar"
            src="http://dummyimage.com/100x100.png/ff4444/ffffff"
          />
          <div
            class="content"
          >
            <div
              class="message-title"
              data-testid="message-title"
            >
              Donec ut mauris eget massa tempor convallis.
              <span
                class="email"
              >
                mandrews4@google.it
              </span>
            </div>
            <div>
              <a
                class="full-name"
                href="/"
              >
                Marilyn Andrews
              </a>
              <span
                class="date-time"
              >
                 —  14th Apr 2016 09:26
              </span>
            </div>
          </div>
        </li>
        <li
          class="message"
        >
          <img
            alt="Marilyn Andrews"
            class="avatar"
            src="http://dummyimage.com/100x100.png/ff4444/ffffff"
          />
          <div
            class="content"
          >
            <div
              class="message-title"
              data-testid="message-title"
            >
              Nunc purus.
              <span
                class="email"
              >
                mandrews4@google.it
              </span>
            </div>
            <div>
              <a
                class="full-name"
                href="/"
              >
                Marilyn Andrews
              </a>
              <span
                class="date-time"
              >
                 —  7th Apr 2016 11:20
              </span>
            </div>
          </div>
        </li>
        <li
          class="message"
        >
          <img
            alt="Doris Murphy"
            class="avatar"
            src="http://dummyimage.com/100x100.png/cc0000/ffffff"
          />
          <div
            class="content"
          >
            <div
              class="message-title"
              data-testid="message-title"
            >
              Nulla justo. Aliquam quis turpis eget elit sodales scelerisque. Mauris sit amet eros.
              <span
                class="email"
              >
                dmurphyq@oracle.com
              </span>
            </div>
            <div>
              <a
                class="full-name"
                href="/"
              >
                Doris Murphy
              </a>
              <span
                class="date-time"
              >
                 —  6th Apr 2016 16:46
              </span>
            </div>
          </div>
        </li>
        <li
          class="message"
        >
          <img
            alt="Wanda Gonzalez"
            class="avatar"
            src="http://dummyimage.com/100x100.png/ff4444/ffffff"
          />
          <div
            class="content"
          >
            <div
              class="message-title"
              data-testid="message-title"
            >
              Duis consequat dui nec nisi volutpat eleifend. Donec ut dolor.
              <span
                class="email"
              >
                wgonzalezz@va.gov
              </span>
            </div>
            <div>
              <a
                class="full-name"
                href="/"
              >
                Wanda Gonzalez
              </a>
              <span
                class="date-time"
              >
                 —  2nd Apr 2016 16:58
              </span>
            </div>
          </div>
        </li>
        <li
          class="message"
        >
          <img
            alt="Martin Bradley"
            class="avatar"
            src="http://dummyimage.com/100x100.png/5fa2dd/ffffff"
          />
          <div
            class="content"
          >
            <div
              class="message-title"
              data-testid="message-title"
            >
              Morbi vestibulum, velit id pretium iaculis, diam erat fermentum justo, nec condimentum neque sapien placerat ante.
              <span
                class="email"
              >
                mbradley0@google.it
              </span>
            </div>
            <div>
              <a
                class="full-name"
                href="/"
              >
                Martin Bradley
              </a>
              <span
                class="date-time"
              >
                 —  25th Mar 2016 23:01
              </span>
            </div>
          </div>
        </li>
        <li
          class="message"
        >
          <img
            alt="Philip Howell"
            class="avatar"
            src="http://dummyimage.com/100x100.png/ff4444/ffffff"
          />
          <div
            class="content"
          >
            <div
              class="message-title"
              data-testid="message-title"
            >
              Donec vitae nisi. Nam ultrices, libero non mattis pulvinar, nulla pede ullamcorper augue, a suscipit nulla elit ac nulla. Sed vel enim sit amet nunc viverra dapibus.
              <span
                class="email"
              >
                phowell15@nymag.com
              </span>
            </div>
            <div>
              <a
                class="full-name"
                href="/"
              >
                Philip Howell
              </a>
              <span
                class="date-time"
              >
                 —  22nd Mar 2016 09:52
              </span>
            </div>
          </div>
        </li>
        <li
          class="message"
        >
          <img
            alt="Benjamin Pierce"
            class="avatar"
            src="bg.png"
          />
          <div
            class="content"
          >
            <div
              class="message-title"
              data-testid="message-title"
            >
              Duis bibendum, felis sed interdum venenatis, turpis enim blandit mi, in porttitor pede justo eu massa. Donec dapibus.
              <span
                class="email"
              >
                bpierce17@homestead.com
              </span>
            </div>
            <div>
              <a
                class="full-name"
                href="/"
              >
                Benjamin Pierce
              </a>
              <span
                class="date-time"
              >
                 —  19th Mar 2016 20:12
              </span>
            </div>
          </div>
        </li>
        <li
          class="message"
        >
          <img
            alt="Carl Green"
            class="avatar"
            src="http://dummyimage.com/100x100.bmp/cc0000/ffffff"
          />
          <div
            class="content"
          >
            <div
              class="message-title"
              data-testid="message-title"
            >
              Duis consequat dui nec nisi volutpat eleifend. Donec ut dolor.
              <span
                class="email"
              >
                cgreenx@ftc.gov
              </span>
            </div>
            <div>
              <a
                class="full-name"
                href="/"
              >
                Carl Green
              </a>
              <span
                class="date-time"
              >
                 —  19th Mar 2016 04:36
              </span>
            </div>
          </div>
        </li>
        <li
          class="message"
        >
          <img
            alt="Lois Wheeler"
            class="avatar"
            src="bg.png"
          />
          <div
            class="content"
          >
            <div
              class="message-title"
              data-testid="message-title"
            >
              Vestibulum quam sapien, varius ut, blandit non, interdum in, ante.
              <span
                class="email"
              >
                lwheeler7@harvard.edu
              </span>
            </div>
            <div>
              <a
                class="full-name"
                href="/"
              >
                Lois Wheeler
              </a>
              <span
                class="date-time"
              >
                 —  17th Mar 2016 16:30
              </span>
            </div>
          </div>
        </li>
        <li
          class="message"
        >
          <img
            alt="Phillip Harper"
            class="avatar"
            src="http://dummyimage.com/100x100.bmp/5fa2dd/ffffff"
          />
          <div
            class="content"
          >
            <div
              class="message-title"
              data-testid="message-title"
            >
              Nullam molestie nibh in lectus. Pellentesque at nulla.
              <span
                class="email"
              >
                pharperr@who.int
              </span>
            </div>
            <div>
              <a
                class="full-name"
                href="/"
              >
                Phillip Harper
              </a>
              <span
                class="date-time"
              >
                 —  17th Mar 2016 16:12
              </span>
            </div>
          </div>
        </li>
        <li
          class="message"
        >
          <img
            alt="Benjamin Pierce"
            class="avatar"
            src="bg.png"
          />
          <div
            class="content"
          >
            <div
              class="message-title"
              data-testid="message-title"
            >
              Pellentesque ultrices mattis odio. Donec vitae nisi.
              <span
                class="email"
              >
                bpierce17@homestead.com
              </span>
            </div>
            <div>
              <a
                class="full-name"
                href="/"
              >
                Benjamin Pierce
              </a>
              <span
                class="date-time"
              >
                 —  15th Mar 2016 20:24
              </span>
            </div>
          </div>
        </li>
        <li
          class="message"
        >
          <img
            alt="Annie Brown"
            class="avatar"
            src="bg.png"
          />
          <div
            class="content"
          >
            <div
              class="message-title"
              data-testid="message-title"
            >
              Cras mi pede, malesuada in, imperdiet et, commodo vulputate, justo.
              <span
                class="email"
              >
                abrowny@flickr.com
              </span>
            </div>
            <div>
              <a
                class="full-name"
                href="/"
              >
                Annie Brown
              </a>
              <span
                class="date-time"
              >
                 —  14th Mar 2016 09:32
              </span>
            </div>
          </div>
        </li>
        <li
          class="message"
        >
          <img
            alt="Jane Bailey"
            class="avatar"
            src="bg.png"
          />
          <div
            class="content"
          >
            <div
              class="message-title"
              data-testid="message-title"
            >
              In congue. Etiam justo. Etiam pretium iaculis justo.
              <span
                class="email"
              >
                jbaileyb@1688.com
              </span>
            </div>
            <div>
              <a
                class="full-name"
                href="/"
              >
                Jane Bailey
              </a>
              <span
                class="date-time"
              >
                 —  13th Mar 2016 03:21
              </span>
            </div>
          </div>
        </li>
        <li
          class="message"
        >
          <img
            alt="Peter Henry"
            class="avatar"
            src="http://dummyimage.com/100x100.bmp/ff4444/ffffff"
          />
          <div
            class="content"
          >
            <div
              class="message-title"
              data-testid="message-title"
            >
              Cras non velit nec nisi vulputate nonummy.
              <span
                class="email"
              >
                phenryt@pen.io
              </span>
            </div>
            <div>
              <a
                class="full-name"
                href="/"
              >
                Peter Henry
              </a>
              <span
                class="date-time"
              >
                 —  8th Mar 2016 20:11
              </span>
            </div>
          </div>
        </li>
        <li
          class="message"
        >
          <img
            alt="Benjamin Pierce"
            class="avatar"
            src="bg.png"
          />
          <div
            class="content"
          >
            <div
              class="message-title"
              data-testid="message-title"
            >
              Vivamus in felis eu sapien cursus vestibulum. Proin eu mi.
              <span
                class="email"
              >
                bpierce17@homestead.com
              </span>
            </div>
            <div>
              <a
                class="full-name"
                href="/"
              >
                Benjamin Pierce
              </a>
              <span
                class="date-time"
              >
                 —  4th Mar 2016 10:14
              </span>
            </div>
          </div>
        </li>
        <li
          class="message"
        >
          <img
            alt="Philip Howell"
            class="avatar"
            src="http://dummyimage.com/100x100.png/ff4444/ffffff"
          />
          <div
            class="content"
          >
            <div
              class="message-title"
              data-testid="message-title"
            >
              Vivamus in felis eu sapien cursus vestibulum. Proin eu mi. Nulla ac enim.
              <span
                class="email"
              >
                phowell15@nymag.com
              </span>
            </div>
            <div>
              <a
                class="full-name"
                href="/"
              >
                Philip Howell
              </a>
              <span
                class="date-time"
              >
                 —  2nd Mar 2016 00:10
              </span>
            </div>
          </div>
        </li>
        <li
          class="message"
        >
          <img
            alt="Henry Harrison"
            class="avatar"
            src="http://dummyimage.com/100x100.bmp/cc0000/ffffff"
          />
          <div
            class="content"
          >
            <div
              class="message-title"
              data-testid="message-title"
            >
              Integer tincidunt ante vel ipsum. Praesent blandit lacinia erat. Vestibulum sed magna at nunc commodo placerat.
              <span
                class="email"
              >
                hharrisonj@github.io
              </span>
            </div>
            <div>
              <a
                class="full-name"
                href="/"
              >
                Henry Harrison
              </a>
              <span
                class="date-time"
              >
                 —  1st Mar 2016 17:58
              </span>
            </div>
          </div>
        </li>
        <li
          class="message"
        >
          <img
            alt="Aaron Williams"
            class="avatar"
            src="http://dummyimage.com/100x100.jpg/dddddd/000000"
          />
          <div
            class="content"
          >
            <div
              class="message-title"
              data-testid="message-title"
            >
              Quisque ut erat. Curabitur gravida nisi at nibh.
              <span
                class="email"
              >
                awilliams8@indiegogo.com
              </span>
            </div>
            <div>
              <a
                class="full-name"
                href="/"
              >
                Aaron Williams
              </a>
              <span
                class="date-time"
              >
                 —  26th Feb 2016 10:05
              </span>
            </div>
          </div>
        </li>
        <li
          class="message"
        >
          <img
            alt="Amanda Baker"
            class="avatar"
            src="bg.png"
          />
          <div
            class="content"
          >
            <div
              class="message-title"
              data-testid="message-title"
            >
              Nulla tempus. Vivamus in felis eu sapien cursus vestibulum. Proin eu mi.
              <span
                class="email"
              >
                abakera@craigslist.org
              </span>
            </div>
            <div>
              <a
                class="full-name"
                href="/"
              >
                Amanda Baker
              </a>
              <span
                class="date-time"
              >
                 —  24th Feb 2016 00:01
              </span>
            </div>
          </div>
        </li>
      </ul>
    </section>
    <footer
      class="footer"
    />
  </main>
</DocumentFragment>
`;
